https://gist.github.com/bradtraversy/aab26d1e8983d9f8d79be1a9ca894ab4
https://github.com/airbnb/javascript

https://www.npmjs.com/package/eslint-config-airbnb
https://prettier.io/docs/en/options.html


https://plugins.jetbrains.com/plugin/10456-prettier/
https://prettier.io/docs/en/webstorm.html#running-prettier-on-save-using-file-watcher
C:\react\template-app-with-ESLint-Prettier-AirbnbStyleGuide-setup>npm i -g prettier

https://plugins.jetbrains.com/plugin/7494-eslint/


===============================================================

C:\react\template-app-with-ESLint-Prettier-AirbnbStyleGuide-setup>npm init -y
C:\react\template-app-with-ESLint-Prettier-AirbnbStyleGuide-setup>npm i -D eslint prettier eslint-plugin-prettier eslint-config-prettier eslint-plugin-node eslint-config-node

(https://www.npmjs.com/package/eslint-config-airbnb)
C:\react\template-app-with-ESLint-Prettier-AirbnbStyleGuide-setup>npx install-peerdeps --dev eslint-config-airbnb

C:\react\template-app-with-ESLint-Prettier-AirbnbStyleGuide-setup>eslint --init
C:\react\template-app-with-ESLint-Prettier-AirbnbStyleGuide-setup>npm i express



#######################

C:\react\template-app-with-ESLint-Prettier-AirbnbStyleGuide-setup>eslint --init
? How would you like to use ESLint? To check syntax and find problems
? What type of modules does your project use? CommonJS (require/exports)
? Which framework does your project use? None of these
? Where does your code run? (Press <space> to select, <a> to toggle all, <i> to invert selection)Browser
? What format do you want your config file to be in? JSON
Successfully created .eslintrc.json file in C:\react\template-app-with-ESLint-Prettier-AirbnbStyleGuide-setup
===============================================================================================================================
? What type of modules does your project use?
  JavaScript modules (import/export)        <<< if you use react, vue, es6 syntax etc
> CommonJS (require/exports)                <<< if you are using node.
  None of these

? Which framework does your project use? (Use arrow keys)
> React
  Vue.js
  None of these

? What format do you want your config file to be in? (Use arrow keys)
> JavaScript
  YAML
  JSON

===================================================================================
If we don't have express installed, we will have two errors:
C:\react\template-app-with-ESLint-Prettier-AirbnbStyleGuide-setup\index.js
  1:7   error  'express' is assigned a value but never used  no-unused-vars
  1:25  error  Unable to resolve path to module 'express'    import/no-unresolved


C:\react\template-app-with-ESLint-Prettier-AirbnbStyleGuide-setup>npm i express
Now it should go back to only one error


with
const express = require('express');
const x = 1;
we got...
C:\react\template-app-with-ESLint-Prettier-AirbnbStyleGuide-setup\index.js
  1:1  error    Expected 1 empty line after require statement not followed by another require  import/newline-after-import
  1:7  warning  'express' is assigned a value but never used                                   no-unused-vars
  2:7  warning  'x' is assigned a value but never used                                         no-unused-vars


========

with
"const express = require('express');

 let x = 1;"
 we got...
 C:\react\template-app-with-ESLint-Prettier-AirbnbStyleGuide-setup\index.js
   1:7  warning  'express' is assigned a value but never used  no-unused-vars
   3:5  warning  'x' is assigned a value but never used        no-unused-vars
   3:5  error    'x' is never reassigned. Use 'const' instead  prefer-const

=========
with
app.get('/', function(req, res) {
  res.send('hello');
});
we got...
C:\react\template-app-with-ESLint-Prettier-AirbnbStyleGuide-setup\index.js
  5:14  warning  Unexpected unnamed function  func-names


==========
with
  process.exit(1);
we got...
C:\react\template-app-with-ESLint-Prettier-AirbnbStyleGuide-setup\index.js
  7:3  error  Don't use process.exit(); throw an error instead  no-process-exit


===========

with
const obj = {
  hello: function() {       // It prefers the format of hello() {
    console.log('hello');
  }
};
We got...
C:\react\template-app-with-ESLint-Prettier-AirbnbStyleGuide-setup\index.js
  14:7  warning  'obj' is assigned a value but never used  no-unused-vars
  15:3  error    Expected method shorthand                 object-shorthand

==============

with
class A {
  foo() {
    console.log('Hello World');
    /* error Expected 'this' to be used by class method 'foo'. */
  }
}
We got...
C:\react\template-app-with-ESLint-Prettier-AirbnbStyleGuide-setup\index.js
  20:7  warning  'A' is defined but never used                     no-unused-vars
  21:6  error    Expected 'this' to be used by class method 'foo'  class-methods-use-this
